
> smart-directory-nc@0.1.0 build
> next build

⚠ Warning: Next.js inferred your workspace root, but it may not be correct.
 We detected multiple lockfiles and selected the directory of c:\Users\laini\OneDrive\Documents\Antigravity Projects\package-lock.json as the root directory.
 To silence this warning, set `turbopack.root` in your Next.js config, or consider removing one of the lockfiles if it's not needed.
   See https://nextjs.org/docs/app/api-reference/config/next-config-js/turbopack#root-directory for more information.
 Detected additional lockfiles: 
   * c:\Users\laini\OneDrive\Documents\Antigravity Projects\smart-directory-nc\package-lock.json

▲ Next.js 16.1.6 (Turbopack)
- Environments: .env.local
- Experiments (use with caution):
  · clientTraceMetadata

⚠ The "middleware" file convention is deprecated. Please use "proxy" instead. Learn more: https://nextjs.org/docs/messages/middleware-to-proxy
  Creating an optimized production build ...

> Build error occurred
Error: Turbopack build failed with 1 errors:
./smart-directory-nc/src/components/LNLFooter.tsx:128:1
Parsing ecmascript source code failed
[0m [90m 126 |[39m         [33m<[39m[33m/[39m[33mdiv[39m[33m>[39m
 [90m 127 |[39m     )[33m;[39m
[31m[1m>[22m[39m[90m 128 |[39m }
 [90m     |[39m [31m[1m^[22m[39m
 [90m 129 |[39m[0m

Unexpected token. Did you mean `{'}'}` or `&rbrace;`?

Import trace:
  Server Component:
    ./smart-directory-nc/src/components/LNLFooter.tsx
    ./smart-directory-nc/src/app/layout.tsx


    at <unknown> (./smart-directory-nc/src/components/LNLFooter.tsx:128:1)
